┌ Warning: CUDA runtime library `libcublasLt.so.13` was loaded from a system path, `/usr/local/apps/cuda/13.0/targets/x86_64-linux/lib/libcublasLt.so.13`.
│ This may cause errors.
│ 
│ If you're running under a profiler, this situation is expected. Otherwise,
│ ensure that your library path environment variable (e.g., `PATH` on Windows
│ or `LD_LIBRARY_PATH` on Linux) does not include CUDA library paths.
│ 
│ In any other case, please file an issue.
└ @ CUDACore ~/.julia/packages/CUDACore/ro0xn/src/initialization.jl:203
┌ Warning: CUDA runtime library `libcusparse.so.12` was loaded from a system path, `/usr/local/apps/cuda/13.0/targets/x86_64-linux/lib/libcusparse.so.12`.
│ This may cause errors.
│ 
│ If you're running under a profiler, this situation is expected. Otherwise,
│ ensure that your library path environment variable (e.g., `PATH` on Windows
│ or `LD_LIBRARY_PATH` on Linux) does not include CUDA library paths.
│ 
│ In any other case, please file an issue.
└ @ CUDACore ~/.julia/packages/CUDACore/ro0xn/src/initialization.jl:203
┌ Warning: CUDA runtime library `libcublasLt.so.13` was loaded from a system path, `/usr/local/apps/cuda/13.0/targets/x86_64-linux/lib/libcublasLt.so.13`.
│ This may cause errors.
│ 
│ If you're running under a profiler, this situation is expected. Otherwise,
│ ensure that your library path environment variable (e.g., `PATH` on Windows
│ or `LD_LIBRARY_PATH` on Linux) does not include CUDA library paths.
│ 
│ In any other case, please file an issue.
└ @ CUDACore ~/.julia/packages/CUDACore/ro0xn/src/initialization.jl:203
┌ Warning: CUDA runtime library `libcusparse.so.12` was loaded from a system path, `/usr/local/apps/cuda/13.0/targets/x86_64-linux/lib/libcusparse.so.12`.
│ This may cause errors.
│ 
│ If you're running under a profiler, this situation is expected. Otherwise,
│ ensure that your library path environment variable (e.g., `PATH` on Windows
│ or `LD_LIBRARY_PATH` on Linux) does not include CUDA library paths.
│ 
│ In any other case, please file an issue.
└ @ CUDACore ~/.julia/packages/CUDACore/ro0xn/src/initialization.jl:203
┌ Warning: CUDA runtime library `libcublasLt.so.13` was loaded from a system path, `/usr/local/apps/cuda/13.0/targets/x86_64-linux/lib/libcublasLt.so.13`.
│ This may cause errors.
│ 
│ If you're running under a profiler, this situation is expected. Otherwise,
│ ensure that your library path environment variable (e.g., `PATH` on Windows
│ or `LD_LIBRARY_PATH` on Linux) does not include CUDA library paths.
│ 
│ In any other case, please file an issue.
└ @ CUDACore ~/.julia/packages/CUDACore/ro0xn/src/initialization.jl:203
┌ Warning: CUDA runtime library `libcusparse.so.12` was loaded from a system path, `/usr/local/apps/cuda/13.0/targets/x86_64-linux/lib/libcusparse.so.12`.
│ This may cause errors.
│ 
│ If you're running under a profiler, this situation is expected. Otherwise,
│ ensure that your library path environment variable (e.g., `PATH` on Windows
│ or `LD_LIBRARY_PATH` on Linux) does not include CUDA library paths.
│ 
│ In any other case, please file an issue.
└ @ CUDACore ~/.julia/packages/CUDACore/ro0xn/src/initialization.jl:203
┌ Warning: CUDA runtime library `libcublasLt.so.13` was loaded from a system path, `/usr/local/apps/cuda/13.0/targets/x86_64-linux/lib/libcublasLt.so.13`.
│ This may cause errors.
│ 
│ If you're running under a profiler, this situation is expected. Otherwise,
│ ensure that your library path environment variable (e.g., `PATH` on Windows
│ or `LD_LIBRARY_PATH` on Linux) does not include CUDA library paths.
│ 
│ In any other case, please file an issue.
└ @ CUDACore ~/.julia/packages/CUDACore/ro0xn/src/initialization.jl:203
┌ Warning: CUDA runtime library `libcusparse.so.12` was loaded from a system path, `/usr/local/apps/cuda/13.0/targets/x86_64-linux/lib/libcusparse.so.12`.
│ This may cause errors.
│ 
│ If you're running under a profiler, this situation is expected. Otherwise,
│ ensure that your library path environment variable (e.g., `PATH` on Windows
│ or `LD_LIBRARY_PATH` on Linux) does not include CUDA library paths.
│ 
│ In any other case, please file an issue.
└ @ CUDACore ~/.julia/packages/CUDACore/ro0xn/src/initialization.jl:203
Dict{String, Any}(Dict{String, Any}("Nz" => 512, "mpi" => "Nz" => 512, "mpi" => true, "Nx" => 1024, "Ny" => 1024, "visc" => 5.0e-6, "dt" => 0.1, "file" => "/nfs/hpc/share/carlipp/ngpu-scaling/4gpu_data", "nv" => true)
true, "Nx" => 1024, "Ny" => 1024, "visc" => 5.0e-6, "dt" => 0.1, "file" => "/nfs/hpc/share/carlipp/ngpu-scaling/4gpu_data", "nv" => true)
Dict{String, Any}(Dict{String, Any}("Nz" => 512, "mpi" => true, "Nx" => 1024, "Ny" => 1024, "visc" => 5.0e-6, "dt" => 0.1, "file" => "/nfs/hpc/share/carlipp/ngpu-scaling/4gpu_data", "nv" => true)
"Nz" => 512, "mpi" => true, "Nx" => 1024, "Ny" => 1024, "visc" => 5.0e-6, "dt" => 0.1, "file" => "/nfs/hpc/share/carlipp/ngpu-scaling/4gpu_data", "nv" => true)
[ Info: MPI has not been initialized, so we are calling MPI.Init().
[ Info: MPI has not been initialized, so we are calling MPI.Init().
--------------------------------------------------------------------------
Sorry!  You were supposed to get help about:
    ini file:file not found
But I couldn't open the help file:
    /nfs/stak/users/carlipp/.julia/artifacts/d4af8b9275d39f24a3f6b9a9758d27bd0d18aac5/share/openmpi/help-mpi-btl-openib.txt: No such file or directory.  Sorry!
--------------------------------------------------------------------------
--------------------------------------------------------------------------
Sorry!  You were supposed to get help about:
    ini file:file not found
But I couldn't open the help file:
    /nfs/stak/users/carlipp/.julia/artifacts/d4af8b9275d39f24a3f6b9a9758d27bd0d18aac5/share/openmpi/help-mpi-btl-openib.txt: No such file or directory.  Sorry!
--------------------------------------------------------------------------
[dgxh-2][[26994,1],1][btl_openib_component.c:1704:init_one_device] error obtaining device attributes for mlx5_0 errno says No space left on device
--------------------------------------------------------------------------
Sorry!  You were supposed to get help about:
    error in device init
But I couldn't open the help file:
    /nfs/stak/users/carlipp/.julia/artifacts/d4af8b9275d39f24a3f6b9a9758d27bd0d18aac5/share/openmpi/help-mpi-btl-openib.txt: No such file or directory.  Sorry!
--------------------------------------------------------------------------
[dgxh-2][[26994,1],3][btl_openib_component.c:1704:init_one_device] error obtaining device attributes for mlx5_0 errno says No space left on device
--------------------------------------------------------------------------
Sorry!  You were supposed to get help about:
    error in device init
But I couldn't open the help file:
    /nfs/stak/users/carlipp/.julia/artifacts/d4af8b9275d39f24a3f6b9a9758d27bd0d18aac5/share/openmpi/help-mpi-btl-openib.txt: No such file or directory.  Sorry!
--------------------------------------------------------------------------
[ Info: MPI has not been initialized, so we are calling MPI.Init().
--------------------------------------------------------------------------
Sorry!  You were supposed to get help about:
    ini file:file not found
But I couldn't open the help file:
    /nfs/stak/users/carlipp/.julia/artifacts/d4af8b9275d39f24a3f6b9a9758d27bd0d18aac5/share/openmpi/help-mpi-btl-openib.txt: No such file or directory.  Sorry!
--------------------------------------------------------------------------
[ Info: MPI has not been initialized, so we are calling MPI.Init().
--------------------------------------------------------------------------
Sorry!  You were supposed to get help about:
    ini file:file not found
But I couldn't open the help file:
    /nfs/stak/users/carlipp/.julia/artifacts/d4af8b9275d39f24a3f6b9a9758d27bd0d18aac5/share/openmpi/help-mpi-btl-openib.txt: No such file or directory.  Sorry!
--------------------------------------------------------------------------
[dgxh-2][[26994,1],0][btl_openib_component.c:1704:init_one_device] error obtaining device attributes for mlx5_0 errno says No space left on device
--------------------------------------------------------------------------
Sorry!  You were supposed to get help about:
    error in device init
But I couldn't open the help file:
    /nfs/stak/users/carlipp/.julia/artifacts/d4af8b9275d39f24a3f6b9a9758d27bd0d18aac5/share/openmpi/help-mpi-btl-openib.txt: No such file or directory.  Sorry!
--------------------------------------------------------------------------
[dgxh-2][[26994,1],2][btl_openib_component.c:1704:init_one_device] error obtaining device attributes for mlx5_0 errno says No space left on device
--------------------------------------------------------------------------
Sorry!  You were supposed to get help about:
    error in device init
But I couldn't open the help file:
    /nfs/stak/users/carlipp/.julia/artifacts/d4af8b9275d39f24a3f6b9a9758d27bd0d18aac5/share/openmpi/help-mpi-btl-openib.txt: No such file or directory.  Sorry!
--------------------------------------------------------------------------
256×1024×512 (distributed across 4×1×1 ranks) RectilinearGrid{Float64, FullyConnected, Periodic, Periodic} on Distributed{CUDAGPU} on 4×1×1 with 5×5×5 halo
├── FullyConnected x ∈ [201.062, 402.124) regularly spaced with Δx=0.785398
├── Periodic y ∈ [-402.124, 402.124)      regularly spaced with Δy=0.785398
└── Periodic z ∈ [-201.062, 201.062)      regularly spaced with Δz=0.785398
256×1024×512 (distributed across 4×1×1 ranks) RectilinearGrid{Float64, FullyConnected, Periodic, Periodic} on Distributed{CUDAGPU} on 4×1×1 with 5×5×5 halo
├── FullyConnected x ∈ [-201.062, 2.01097e-16) regularly spaced with Δx=0.785398
├── Periodic y ∈ [-402.124, 402.124)           regularly spaced with Δy=0.785398
└── Periodic z ∈ [-201.062, 201.062)           regularly spaced with Δz=0.785398
256×1024×512 (distributed across 4×1×1 ranks) RectilinearGrid{Float64, FullyConnected, Periodic, Periodic} on Distributed{CUDAGPU} on 4×1×1 with 5×5×5 halo
├── FullyConnected x ∈ [-402.124, -201.062) regularly spaced with Δx=0.785398
├── Periodic y ∈ [-402.124, 402.124)        regularly spaced with Δy=0.785398
└── Periodic z ∈ [-201.062, 201.062)        regularly spaced with Δz=0.785398
256×1024×512 (distributed across 4×1×1 ranks) RectilinearGrid{Float64, FullyConnected, Periodic, Periodic} on Distributed{CUDAGPU} on 4×1×1 with 5×5×5 halo
├── FullyConnected x ∈ [-2.01097e-16, 201.062) regularly spaced with Δx=0.785398
├── Periodic y ∈ [-402.124, 402.124)           regularly spaced with Δy=0.785398
└── Periodic z ∈ [-201.062, 201.062)           regularly spaced with Δz=0.785398
--------------------------------------------------------------------------
Sorry!  You were supposed to get help about:
    cuMemHostRegister during init failed
But I couldn't open the help file:
    /nfs/stak/users/carlipp/.julia/artifacts/d4af8b9275d39f24a3f6b9a9758d27bd0d18aac5/share/openmpi/help-mpi-common-cuda.txt: No such file or directory.  Sorry!
--------------------------------------------------------------------------
--------------------------------------------------------------------------
Sorry!  You were supposed to get help about:
    cuMemHostRegister during init failed
But I couldn't open the help file:
    /nfs/stak/users/carlipp/.julia/artifacts/d4af8b9275d39f24a3f6b9a9758d27bd0d18aac5/share/openmpi/help-mpi-common-cuda.txt: No such file or directory.  Sorry!
--------------------------------------------------------------------------
--------------------------------------------------------------------------
Sorry!  You were supposed to get help about:
    cuMemHostRegister during init failed
But I couldn't open the help file:
    /nfs/stak/users/carlipp/.julia/artifacts/d4af8b9275d39f24a3f6b9a9758d27bd0d18aac5/share/openmpi/help-mpi-common-cuda.txt: No such file or directory.  Sorry!
--------------------------------------------------------------------------
--------------------------------------------------------------------------
Sorry!  You were supposed to get help about:
    cuMemHostRegister during init failed
But I couldn't open the help file:
    /nfs/stak/users/carlipp/.julia/artifacts/d4af8b9275d39f24a3f6b9a9758d27bd0d18aac5/share/openmpi/help-mpi-common-cuda.txt: No such file or directory.  Sorry!
--------------------------------------------------------------------------
NonhydrostaticModel{Distributed{CUDAGPU} on 4×1×1, RectilinearGrid}(time = 0 seconds, iteration = 0)
├── grid: 256×1024×512 (distributed across 4×1×1 ranks) RectilinearGrid{Float64, FullyConnected, Periodic, Periodic} on Distributed{CUDAGPU} on 4×1×1 with 5×5×5 halo
├── timestepper: RungeKutta3TimeStepper
├── advection scheme:
│   └── momentum: WENO{3, Float64, Oceananigans.Utils.BackendOptimizedDivision}(order=5)
├── tracers: ()
├── closure: ScalarDiffusivity{ExplicitTimeDiscretization}(ν=5.0e-6)
├── buoyancy: Nothing
└── coriolis: Nothing
NonhydrostaticModel{Distributed{CUDAGPU} on 4×1×1, RectilinearGrid}(time = 0 seconds, iteration = 0)
├── grid: 256×1024×512 (distributed across 4×1×1 ranks) RectilinearGrid{Float64, FullyConnected, Periodic, Periodic} on Distributed{CUDAGPU} on 4×1×1 with 5×5×5 halo
├── timestepper: RungeKutta3TimeStepper
├── advection scheme:
│   └── momentum: WENO{3, Float64, Oceananigans.Utils.BackendOptimizedDivision}(order=5)
├── tracers: ()
├── closure: ScalarDiffusivity{ExplicitTimeDiscretization}(ν=5.0e-6)
├── buoyancy: Nothing
└── coriolis: Nothing
NonhydrostaticModel{Distributed{CUDAGPU} on 4×1×1, RectilinearGrid}(time = 0 seconds, iteration = 0)
├── grid: 256×1024×512 (distributed across 4×1×1 ranks) RectilinearGrid{Float64, FullyConnected, Periodic, Periodic} on Distributed{CUDAGPU} on 4×1×1 with 5×5×5 halo
├── timestepper: RungeKutta3TimeStepper
├── advection scheme:
│   └── momentum: WENO{3, Float64, Oceananigans.Utils.BackendOptimizedDivision}(order=5)
├── tracers: ()
├── closure: ScalarDiffusivity{ExplicitTimeDiscretization}(ν=5.0e-6)
├── buoyancy: Nothing
└── coriolis: Nothing
NonhydrostaticModel{Distributed{CUDAGPU} on 4×1×1, RectilinearGrid}(time = 0 seconds, iteration = 0)
├── grid: 256×1024×512 (distributed across 4×1×1 ranks) RectilinearGrid{Float64, FullyConnected, Periodic, Periodic} on Distributed{CUDAGPU} on 4×1×1 with 5×5×5 halo
├── timestepper: RungeKutta3TimeStepper
├── advection scheme:
│   └── momentum: WENO{3, Float64, Oceananigans.Utils.BackendOptimizedDivision}(order=5)
├── tracers: ()
├── closure: ScalarDiffusivity{ExplicitTimeDiscretization}(ν=5.0e-6)
├── buoyancy: Nothing
└── coriolis: Nothing
Simulation of NonhydrostaticModel{Distributed{CUDAGPU} on 4×1×1, RectilinearGrid}(time = 0 seconds, iteration = 0)Simulation of NonhydrostaticModel{Distributed{CUDAGPU} on 4×1×1, RectilinearGrid}(time = 0 seconds, iteration = 0)
├── Next time step: 100 ms
├── run_wall_time: 0 seconds
├── run_wall_time / iteration: NaN days
├── stop_time: Inf days
├── stop_iteration: 1000.0
├── wall_time_limit: Inf
├── minimum_relative_step: 0.0
├── callbacks: OrderedDict with 4 entries:
│   ├── stop_time_exceeded => Callback of stop_time_exceeded on IterationInterval(1)
│   ├── stop_iteration_exceeded => Callback of stop_iteration_exceeded on IterationInterval(1)
│   ├── wall_time_limit_exceeded => Callback of wall_time_limit_exceeded on IterationInterval(1)
│   └── nan_checker => Callback of NaNChecker for u on IterationInterval(100)
└── output_writers: OrderedDict with no entries

├── Next time step: 100 ms
├── run_wall_time: 0 seconds
├── run_wall_time / iteration: NaN days
├── stop_time: Inf days
├── stop_iteration: 1000.0
├── wall_time_limit: Inf
├── minimum_relative_step: 0.0
├── callbacks: OrderedDict with 4 entries:
│   ├── stop_time_exceeded => Callback of stop_time_exceeded on IterationInterval(1)
│   ├── stop_iteration_exceeded => Callback of stop_iteration_exceeded on IterationInterval(1)
│   ├── wall_time_limit_exceeded => Callback of wall_time_limit_exceeded on IterationInterval(1)
│   └── nan_checker => Callback of NaNChecker for u on IterationInterval(100)
└── output_writers: OrderedDict with no entries
Simulation of NonhydrostaticModel{Distributed{CUDAGPU} on 4×1×1, RectilinearGrid}(time = 0 seconds, iteration = 0)
├── Next time step: 100 ms
├── run_wall_time: 0 seconds
├── run_wall_time / iteration: NaN days
├── stop_time: Inf days
├── stop_iteration: 1000.0
├── wall_time_limit: Inf
├── minimum_relative_step: 0.0
├── callbacks: OrderedDict with 4 entries:
│   ├── stop_time_exceeded => Callback of stop_time_exceeded on IterationInterval(1)
│   ├── stop_iteration_exceeded => Callback of stop_iteration_exceeded on IterationInterval(1)
│   ├── wall_time_limit_exceeded => Callback of wall_time_limit_exceeded on IterationInterval(1)
│   └── nan_checker => Callback of NaNChecker for u on IterationInterval(100)
└── output_writers: OrderedDict with no entries
Simulation of NonhydrostaticModel{Distributed{CUDAGPU} on 4×1×1, RectilinearGrid}(time = 0 seconds, iteration = 0)
├── Next time step: 100 ms
├── run_wall_time: 0 seconds
├── run_wall_time / iteration: NaN days
├── stop_time: Inf days
├── stop_iteration: 1000.0
├── wall_time_limit: Inf
├── minimum_relative_step: 0.0
├── callbacks: OrderedDict with 4 entries:
│   ├── stop_time_exceeded => Callback of stop_time_exceeded on IterationInterval(1)
│   ├── stop_iteration_exceeded => Callback of stop_iteration_exceeded on IterationInterval(1)
│   ├── wall_time_limit_exceeded => Callback of wall_time_limit_exceeded on IterationInterval(1)
│   └── nan_checker => Callback of NaNChecker for u on IterationInterval(100)
└── output_writers: OrderedDict with no entries
Thu Sep 24 12:39:41 2026       
+-----------------------------------------------------------------------------------------+
| NVIDIA-SMI 610.43.02              KMD Version: 610.43.02     CUDA UMD Version: 13.3     |
+-----------------------------------------+------------------------+----------------------+
| GPU  Name                 Persistence-M | Bus-Id          Disp.A | Volatile Uncorr. ECC |
| Fan  Temp   Perf          Pwr:Usage/Cap |           Memory-Usage | GPU-Util  Compute M. |
|                                         |                        |               MIG M. |
|=========================================+========================+======================|
|   0  NVIDIA H100 80GB HBM3          On  |   00000000:1B:00.0 Off |                    0 |
| N/A   26C    P0            115W /  700W |   24658MiB /  81559MiB |      0%      Default |
|                                         |                        |             Disabled |
+-----------------------------------------+------------------------+----------------------+
|   1  NVIDIA H100 80GB HBM3          On  |   00000000:43:00.0 Off |                    0 |
| N/A   25C    P0            115W /  700W |   23069MiB /  81559MiB |      0%      Default |
|                                         |                        |             Disabled |
+-----------------------------------------+------------------------+----------------------+
|   2  NVIDIA H100 80GB HBM3          On  |   00000000:52:00.0 Off |                    0 |
| N/A   31C    P0            119W /  700W |   23069MiB /  81559MiB |      0%      Default |
|                                         |                        |             Disabled |
+-----------------------------------------+------------------------+----------------------+
|   3  NVIDIA H100 80GB HBM3          On  |   00000000:61:00.0 Off |                    0 |
| N/A   34C    P0            121W /  700W |   23069MiB /  81559MiB |      0%      Default |
|                                         |                        |             Disabled |
+-----------------------------------------+------------------------+----------------------+

+-----------------------------------------------------------------------------------------+
| Processes:                                                                              |
|  GPU   GI   CI              PID   Type   Process name                        GPU Memory |
|        ID   ID                                                               Usage      |
|=========================================================================================|
|    0   N/A  N/A         3244762      C   julia                                 23060MiB |
|    0   N/A  N/A         3244763      C   julia                                   524MiB |
|    0   N/A  N/A         3244764      C   julia                                   524MiB |
|    0   N/A  N/A         3244765      C   julia                                   524MiB |
|    1   N/A  N/A         3244763      C   julia                                 23060MiB |
|    2   N/A  N/A         3244764      C   julia                                 23060MiB |
|    3   N/A  N/A         3244765      C   julia                                 23060MiB |
+-----------------------------------------------------------------------------------------+
Thu Sep 24 12:39:41 2026       
+-----------------------------------------------------------------------------------------+
| NVIDIA-SMI 610.43.02              KMD Version: 610.43.02     CUDA UMD Version: 13.3     |
+-----------------------------------------+------------------------+----------------------+
| GPU  Name                 Persistence-M | Bus-Id          Disp.A | Volatile Uncorr. ECC |
| Fan  Temp   Perf          Pwr:Usage/Cap |           Memory-Usage | GPU-Util  Compute M. |
|                                         |                        |               MIG M. |
|=========================================+========================+======================|
|   0  NVIDIA H100 80GB HBM3          On  |   00000000:1B:00.0 Off |                    0 |
| N/A   26C    P0            115W /  700W |   24658MiB /  81559MiB |      0%      Default |
|                                         |                        |             Disabled |
+-----------------------------------------+------------------------+----------------------+
|   1  NVIDIA H100 80GB HBM3          On  |   00000000:43:00.0 Off |                    0 |
| N/A   25C    P0            115W /  700W |   23069MiB /  81559MiB |      0%      Default |
|                                         |                        |             Disabled |
+-----------------------------------------+------------------------+----------------------+
|   2  NVIDIA H100 80GB HBM3          On  |   00000000:52:00.0 Off |                    0 |
| N/A   31C    P0            119W /  700W |   23069MiB /  81559MiB |      0%      Default |
|                                         |                        |             Disabled |
+-----------------------------------------+------------------------+----------------------+
|   3  NVIDIA H100 80GB HBM3          On  |   00000000:61:00.0 Off |                    0 |
| N/A   34C    P0            121W /  700W |   23069MiB /  81559MiB |      0%      Default |
|                                         |                        |             Disabled |
+-----------------------------------------+------------------------+----------------------+

+-----------------------------------------------------------------------------------------+
| Processes:                                                                              |
|  GPU   GI   CI              PID   Type   Process name                        GPU Memory |
|        ID   ID                                                               Usage      |
|=========================================================================================|
|    0   N/A  N/A         3244762      C   julia                                 23060MiB |
|    0   N/A  N/A         3244763      C   julia                                   524MiB |
|    0   N/A  N/A         3244764      C   julia                                   524MiB |
|    0   N/A  N/A         3244765      C   julia                                   524MiB |
|    1   N/A  N/A         3244763      C   julia                                 23060MiB |
|    2   N/A  N/A         3244764      C   julia                                 23060MiB |
|    3   N/A  N/A         3244765      C   julia                                 23060MiB |
+-----------------------------------------------------------------------------------------+
Thu Sep 24 12:39:42 2026       
+-----------------------------------------------------------------------------------------+
| NVIDIA-SMI 610.43.02              KMD Version: 610.43.02     CUDA UMD Version: 13.3     |
+-----------------------------------------+------------------------+----------------------+
| GPU  Name                 Persistence-M | Bus-Id          Disp.A | Volatile Uncorr. ECC |
| Fan  Temp   Perf          Pwr:Usage/Cap |           Memory-Usage | GPU-Util  Compute M. |
|                                         |                        |               MIG M. |
|=========================================+========================+======================|
|   0  NVIDIA H100 80GB HBM3          On  |   00000000:1B:00.0 Off |                    0 |
| N/A   26C    P0            115W /  700W |   24658MiB /  81559MiB |      0%      Default |
|                                         |                        |             Disabled |
+-----------------------------------------+------------------------+----------------------+
|   1  NVIDIA H100 80GB HBM3          On  |   00000000:43:00.0 Off |                    0 |
| N/A   25C    P0            115W /  700W |   23069MiB /  81559MiB |      0%      Default |
|                                         |                        |             Disabled |
+-----------------------------------------+------------------------+----------------------+
|   2  NVIDIA H100 80GB HBM3          On  |   00000000:52:00.0 Off |                    0 |
| N/A   31C    P0            119W /  700W |   23069MiB /  81559MiB |      0%      Default |
|                                         |                        |             Disabled |
+-----------------------------------------+------------------------+----------------------+
|   3  NVIDIA H100 80GB HBM3          On  |   00000000:61:00.0 Off |                    0 |
| N/A   34C    P0            121W /  700W |   23069MiB /  81559MiB |      0%      Default |
|                                         |                        |             Disabled |
+-----------------------------------------+------------------------+----------------------+

+-----------------------------------------------------------------------------------------+
| Processes:                                                                              |
|  GPU   GI   CI              PID   Type   Process name                        GPU Memory |
|        ID   ID                                                               Usage      |
|=========================================================================================|
|    0   N/A  N/A         3244762      C   julia                                 23060MiB |
|    0   N/A  N/A         3244763      C   julia                                   524MiB |
|    0   N/A  N/A         3244764      C   julia                                   524MiB |
|    0   N/A  N/A         3244765      C   julia                                   524MiB |
|    1   N/A  N/A         3244763      C   julia                                 23060MiB |
|    2   N/A  N/A         3244764      C   julia                                 23060MiB |
|    3   N/A  N/A         3244765      C   julia                                 23060MiB |
+-----------------------------------------------------------------------------------------+
Thu Sep 24 12:39:42 2026       
+-----------------------------------------------------------------------------------------+
| NVIDIA-SMI 610.43.02              KMD Version: 610.43.02     CUDA UMD Version: 13.3     |
+-----------------------------------------+------------------------+----------------------+
| GPU  Name                 Persistence-M | Bus-Id          Disp.A | Volatile Uncorr. ECC |
| Fan  Temp   Perf          Pwr:Usage/Cap |           Memory-Usage | GPU-Util  Compute M. |
|                                         |                        |               MIG M. |
|=========================================+========================+======================|
|   0  NVIDIA H100 80GB HBM3          On  |   00000000:1B:00.0 Off |                    0 |
| N/A   26C    P0            115W /  700W |   24658MiB /  81559MiB |      0%      Default |
|                                         |                        |             Disabled |
+-----------------------------------------+------------------------+----------------------+
|   1  NVIDIA H100 80GB HBM3          On  |   00000000:43:00.0 Off |                    0 |
| N/A   25C    P0            115W /  700W |   23069MiB /  81559MiB |      0%      Default |
|                                         |                        |             Disabled |
+-----------------------------------------+------------------------+----------------------+
|   2  NVIDIA H100 80GB HBM3          On  |   00000000:52:00.0 Off |                    0 |
| N/A   31C    P0            119W /  700W |   23069MiB /  81559MiB |      0%      Default |
|                                         |                        |             Disabled |
+-----------------------------------------+------------------------+----------------------+
|   3  NVIDIA H100 80GB HBM3          On  |   00000000:61:00.0 Off |                    0 |
| N/A   34C    P0            121W /  700W |   23069MiB /  81559MiB |      0%      Default |
|                                         |                        |             Disabled |
+-----------------------------------------+------------------------+----------------------+

+-----------------------------------------------------------------------------------------+
| Processes:                                                                              |
|  GPU   GI   CI              PID   Type   Process name                        GPU Memory |
|        ID   ID                                                               Usage      |
|=========================================================================================|
|    0   N/A  N/A         3244762      C   julia                                 23060MiB |
|    0   N/A  N/A         3244763      C   julia                                   524MiB |
|    0   N/A  N/A         3244764      C   julia                                   524MiB |
|    0   N/A  N/A         3244765      C   julia                                   524MiB |
|    1   N/A  N/A         3244763      C   julia                                 23060MiB |
|    2   N/A  N/A         3244764      C   julia                                 23060MiB |
|    3   N/A  N/A         3244765      C   julia                                 23060MiB |
+-----------------------------------------------------------------------------------------+
[ Info: Initializing simulation...
[ Info: Initializing simulation...
[ Info: Initializing simulation...
[ Info: Initializing simulation...
Iteration: 0000, time: 0 seconds, Δt: 100 ms, wall time: 0 seconds
Iteration: 0000, time: 0 seconds, Δt: 100 ms, wall time: 0 seconds
Iteration: 0000, time: 0 seconds, Δt: 100 ms, wall time: 0 seconds
Iteration: 0000, time: 0 seconds, Δt: 100 ms, wall time: 0 seconds
[ Info:     ... simulation initialization complete (1.601 minutes)
[ Info: Executing initial time step...
[ Info:     ... simulation initialization complete (1.610 minutes)
[ Info: Executing initial time step...
[ Info:     ... simulation initialization complete (1.650 minutes)
[ Info: Executing initial time step...
[ Info:     ... simulation initialization complete (1.671 minutes)
[ Info: Executing initial time step...
[ Info:     ... initial time step complete (6.433 seconds).
[ Info:     ... initial time step complete (6.913 seconds).
[ Info:     ... initial time step complete (1.586 seconds).
[ Info:     ... initial time step complete (1.984 seconds).
Iteration: 0025, time: 2.976 seconds, Δt: 133.100 ms, wall time: 1.805 minutes
Iteration: 0025, time: 2.976 seconds, Δt: 133.100 ms, wall time: 1.839 minutes
Iteration: 0025, time: 2.976 seconds, Δt: 133.100 ms, wall time: 1.840 minutes
Iteration: 0025, time: 2.976 seconds, Δt: 133.100 ms, wall time: 1.820 minutes
Iteration: 0050, time: 6.716 seconds, Δt: 161.051 ms, wall time: 1.972 minutes
Iteration: 0050, time: 6.716 seconds, Δt: 161.051 ms, wall time: 1.971 minutes
Iteration: 0050, time: 6.716 seconds, Δt: 161.051 ms, wall time: 1.952 minutes
Iteration: 0050, time: 6.716 seconds, Δt: 161.051 ms, wall time: 1.937 minutes
Iteration: 0075, time: 11.508 seconds, Δt: 214.359 ms, wall time: 3.176 minutes
Iteration: 0075, time: 11.508 seconds, Δt: 214.359 ms, wall time: 3.157 minutes
Iteration: 0075, time: 11.508 seconds, Δt: 214.359 ms, wall time: 3.178 minutes
Iteration: 0075, time: 11.508 seconds, Δt: 214.359 ms, wall time: 3.143 minutes
Iteration: 0100, time: 17.531 seconds, Δt: 259.374 ms, wall time: 3.310 minutes
Iteration: 0100, time: 17.531 seconds, Δt: 259.374 ms, wall time: 3.309 minutes
Iteration: 0100, time: 17.531 seconds, Δt: 259.374 ms, wall time: 3.275 minutes
Iteration: 0100, time: 17.531 seconds, Δt: 259.374 ms, wall time: 3.289 minutes
Iteration: 0125, time: 25.249 seconds, Δt: 345.227 ms, wall time: 4.530 minutes
Iteration: 0125, time: 25.249 seconds, Δt: 345.227 ms, wall time: 4.531 minutes
Iteration: 0125, time: 25.249 seconds, Δt: 345.227 ms, wall time: 4.496 minutes
Iteration: 0125, time: 25.249 seconds, Δt: 345.227 ms, wall time: 4.510 minutes
Iteration: 0150, time: 34.950 seconds, Δt: 417.725 ms, wall time: 4.628 minutes
Iteration: 0150, time: 34.950 seconds, Δt: 417.725 ms, wall time: 4.662 minutes
Iteration: 0150, time: 34.950 seconds, Δt: 417.725 ms, wall time: 4.663 minutes
Iteration: 0150, time: 34.950 seconds, Δt: 417.725 ms, wall time: 4.643 minutes
Iteration: 0175, time: 47.379 seconds, Δt: 555.992 ms, wall time: 5.891 minutes
Iteration: 0175, time: 47.379 seconds, Δt: 555.992 ms, wall time: 5.856 minutes
Iteration: 0175, time: 47.379 seconds, Δt: 555.992 ms, wall time: 5.890 minutes
Iteration: 0175, time: 47.379 seconds, Δt: 555.992 ms, wall time: 5.871 minutes
Iteration: 0200, time: 1.050 minutes, Δt: 672.750 ms, wall time: 6.023 minutes
Iteration: 0200, time: 1.050 minutes, Δt: 672.750 ms, wall time: 6.024 minutes
Iteration: 0200, time: 1.050 minutes, Δt: 672.750 ms, wall time: 6.003 minutes
Iteration: 0200, time: 1.050 minutes, Δt: 672.750 ms, wall time: 5.989 minutes
Iteration: 0225, time: 1.384 minutes, Δt: 895.430 ms, wall time: 7.205 minutes
Iteration: 0225, time: 1.384 minutes, Δt: 895.430 ms, wall time: 7.190 minutes
Iteration: 0225, time: 1.384 minutes, Δt: 895.430 ms, wall time: 7.225 minutes
Iteration: 0225, time: 1.384 minutes, Δt: 895.430 ms, wall time: 7.224 minutes
Iteration: 0250, time: 1.789 minutes, Δt: 1 second, wall time: 7.322 minutes
Iteration: 0250, time: 1.789 minutes, Δt: 1 second, wall time: 7.357 minutes
Iteration: 0250, time: 1.789 minutes, Δt: 1 second, wall time: 7.337 minutes
Iteration: 0250, time: 1.789 minutes, Δt: 1 second, wall time: 7.356 minutes
Iteration: 0275, time: 2.206 minutes, Δt: 1 second, wall time: 8.526 minutes
Iteration: 0275, time: 2.206 minutes, Δt: 1 second, wall time: 8.512 minutes
Iteration: 0275, time: 2.206 minutes, Δt: 1 second, wall time: 8.547 minutes
Iteration: 0275, time: 2.206 minutes, Δt: 1 second, wall time: 8.546 minutes
Iteration: 0300, time: 2.622 minutes, Δt: 1 second, wall time: 8.680 minutes
Iteration: 0300, time: 2.622 minutes, Δt: 1 second, wall time: 8.659 minutes
Iteration: 0300, time: 2.622 minutes, Δt: 1 second, wall time: 8.679 minutes
Iteration: 0300, time: 2.622 minutes, Δt: 1 second, wall time: 8.645 minutes
Iteration: 0325, time: 3.039 minutes, Δt: 1 second, wall time: 9.882 minutes
Iteration: 0325, time: 3.039 minutes, Δt: 1 second, wall time: 9.903 minutes
Iteration: 0325, time: 3.039 minutes, Δt: 1 second, wall time: 9.901 minutes
Iteration: 0325, time: 3.039 minutes, Δt: 1 second, wall time: 9.868 minutes
Iteration: 0350, time: 3.456 minutes, Δt: 1 second, wall time: 10.034 minutes
Iteration: 0350, time: 3.456 minutes, Δt: 1 second, wall time: 10.015 minutes
Iteration: 0350, time: 3.456 minutes, Δt: 1 second, wall time: 10.035 minutes
Iteration: 0350, time: 3.456 minutes, Δt: 1 second, wall time: 10.000 minutes
Iteration: 0375, time: 3.872 minutes, Δt: 1 second, wall time: 11.420 minutes
Iteration: 0375, time: 3.872 minutes, Δt: 1 second, wall time: 11.419 minutes
Iteration: 0375, time: 3.872 minutes, Δt: 1 second, wall time: 11.399 minutes
Iteration: 0375, time: 3.872 minutes, Δt: 1 second, wall time: 11.385 minutes
Iteration: 0400, time: 4.289 minutes, Δt: 1 second, wall time: 11.532 minutes
Iteration: 0400, time: 4.289 minutes, Δt: 1 second, wall time: 11.552 minutes
Iteration: 0400, time: 4.289 minutes, Δt: 1 second, wall time: 11.551 minutes
Iteration: 0400, time: 4.289 minutes, Δt: 1 second, wall time: 11.517 minutes
Iteration: 0425, time: 4.706 minutes, Δt: 1 second, wall time: 12.743 minutes
Iteration: 0425, time: 4.706 minutes, Δt: 1 second, wall time: 12.777 minutes
Iteration: 0425, time: 4.706 minutes, Δt: 1 second, wall time: 12.758 minutes
Iteration: 0425, time: 4.706 minutes, Δt: 1 second, wall time: 12.778 minutes
Iteration: 0450, time: 5.122 minutes, Δt: 1 second, wall time: 12.875 minutes
Iteration: 0450, time: 5.122 minutes, Δt: 1 second, wall time: 12.910 minutes
Iteration: 0450, time: 5.122 minutes, Δt: 1 second, wall time: 12.909 minutes
Iteration: 0450, time: 5.122 minutes, Δt: 1 second, wall time: 12.890 minutes
Iteration: 0475, time: 5.539 minutes, Δt: 1 second, wall time: 14.206 minutes
Iteration: 0475, time: 5.539 minutes, Δt: 1 second, wall time: 14.241 minutes
Iteration: 0475, time: 5.539 minutes, Δt: 1 second, wall time: 14.240 minutes
Iteration: 0475, time: 5.539 minutes, Δt: 1 second, wall time: 14.221 minutes
Iteration: 0500, time: 5.956 minutes, Δt: 1 second, wall time: 14.372 minutes
Iteration: 0500, time: 5.956 minutes, Δt: 1 second, wall time: 14.339 minutes
Iteration: 0500, time: 5.956 minutes, Δt: 1 second, wall time: 14.374 minutes
Iteration: 0500, time: 5.956 minutes, Δt: 1 second, wall time: 14.353 minutes
Iteration: 0525, time: 6.372 minutes, Δt: 1 second, wall time: 15.630 minutes
Iteration: 0525, time: 6.372 minutes, Δt: 1 second, wall time: 15.629 minutes
Iteration: 0525, time: 6.372 minutes, Δt: 1 second, wall time: 15.595 minutes
Iteration: 0525, time: 6.372 minutes, Δt: 1 second, wall time: 15.609 minutes
Iteration: 0550, time: 6.789 minutes, Δt: 1 second, wall time: 15.762 minutes
Iteration: 0550, time: 6.789 minutes, Δt: 1 second, wall time: 15.742 minutes
Iteration: 0550, time: 6.789 minutes, Δt: 1 second, wall time: 15.761 minutes
Iteration: 0550, time: 6.789 minutes, Δt: 1 second, wall time: 15.727 minutes
Iteration: 0575, time: 7.206 minutes, Δt: 1 second, wall time: 16.991 minutes
Iteration: 0575, time: 7.206 minutes, Δt: 1 second, wall time: 16.992 minutes
Iteration: 0575, time: 7.206 minutes, Δt: 1 second, wall time: 16.972 minutes
Iteration: 0575, time: 7.206 minutes, Δt: 1 second, wall time: 16.957 minutes
Iteration: 0600, time: 7.622 minutes, Δt: 1 second, wall time: 17.124 minutes
Iteration: 0600, time: 7.622 minutes, Δt: 1 second, wall time: 17.125 minutes
Iteration: 0600, time: 7.622 minutes, Δt: 1 second, wall time: 17.104 minutes
Iteration: 0600, time: 7.622 minutes, Δt: 1 second, wall time: 17.090 minutes
Iteration: 0625, time: 8.039 minutes, Δt: 1 second, wall time: 18.328 minutes
Iteration: 0625, time: 8.039 minutes, Δt: 1 second, wall time: 18.313 minutes
Iteration: 0625, time: 8.039 minutes, Δt: 1 second, wall time: 18.348 minutes
Iteration: 0625, time: 8.039 minutes, Δt: 1 second, wall time: 18.347 minutes
Iteration: 0650, time: 8.456 minutes, Δt: 1 second, wall time: 18.446 minutes
Iteration: 0650, time: 8.456 minutes, Δt: 1 second, wall time: 18.460 minutes
Iteration: 0650, time: 8.456 minutes, Δt: 1 second, wall time: 18.481 minutes
Iteration: 0650, time: 8.456 minutes, Δt: 1 second, wall time: 18.480 minutes
Iteration: 0675, time: 8.872 minutes, Δt: 1 second, wall time: 19.714 minutes
Iteration: 0675, time: 8.872 minutes, Δt: 1 second, wall time: 19.713 minutes
Iteration: 0675, time: 8.872 minutes, Δt: 1 second, wall time: 19.679 minutes
Iteration: 0675, time: 8.872 minutes, Δt: 1 second, wall time: 19.693 minutes
Iteration: 0700, time: 9.289 minutes, Δt: 1 second, wall time: 19.811 minutes
Iteration: 0700, time: 9.289 minutes, Δt: 1 second, wall time: 19.826 minutes
Iteration: 0700, time: 9.289 minutes, Δt: 1 second, wall time: 19.846 minutes
Iteration: 0700, time: 9.289 minutes, Δt: 1 second, wall time: 19.845 minutes
Iteration: 0725, time: 9.706 minutes, Δt: 1 second, wall time: 21.039 minutes
Iteration: 0725, time: 9.706 minutes, Δt: 1 second, wall time: 21.073 minutes
Iteration: 0725, time: 9.706 minutes, Δt: 1 second, wall time: 21.053 minutes
Iteration: 0725, time: 9.706 minutes, Δt: 1 second, wall time: 21.074 minutes
Iteration: 0750, time: 10.122 minutes, Δt: 1 second, wall time: 21.171 minutes
Iteration: 0750, time: 10.122 minutes, Δt: 1 second, wall time: 21.205 minutes
Iteration: 0750, time: 10.122 minutes, Δt: 1 second, wall time: 21.186 minutes
Iteration: 0750, time: 10.122 minutes, Δt: 1 second, wall time: 21.206 minutes
Iteration: 0775, time: 10.539 minutes, Δt: 1 second, wall time: 22.415 minutes
Iteration: 0775, time: 10.539 minutes, Δt: 1 second, wall time: 22.396 minutes
Iteration: 0775, time: 10.539 minutes, Δt: 1 second, wall time: 22.417 minutes
Iteration: 0775, time: 10.539 minutes, Δt: 1 second, wall time: 22.382 minutes
Iteration: 0800, time: 10.956 minutes, Δt: 1 second, wall time: 22.549 minutes
Iteration: 0800, time: 10.956 minutes, Δt: 1 second, wall time: 22.529 minutes
Iteration: 0800, time: 10.956 minutes, Δt: 1 second, wall time: 22.548 minutes
Iteration: 0800, time: 10.956 minutes, Δt: 1 second, wall time: 22.514 minutes
Iteration: 0825, time: 11.372 minutes, Δt: 1 second, wall time: 23.756 minutes
Iteration: 0825, time: 11.372 minutes, Δt: 1 second, wall time: 23.757 minutes
Iteration: 0825, time: 11.372 minutes, Δt: 1 second, wall time: 23.737 minutes
Iteration: 0825, time: 11.372 minutes, Δt: 1 second, wall time: 23.722 minutes
Iteration: 0850, time: 11.789 minutes, Δt: 1 second, wall time: 23.855 minutes
Iteration: 0850, time: 11.789 minutes, Δt: 1 second, wall time: 23.869 minutes
Iteration: 0850, time: 11.789 minutes, Δt: 1 second, wall time: 23.888 minutes
Iteration: 0850, time: 11.789 minutes, Δt: 1 second, wall time: 23.890 minutes
Iteration: 0875, time: 12.206 minutes, Δt: 1 second, wall time: 25.079 minutes
Iteration: 0875, time: 12.206 minutes, Δt: 1 second, wall time: 25.093 minutes
Iteration: 0875, time: 12.206 minutes, Δt: 1 second, wall time: 25.112 minutes
Iteration: 0875, time: 12.206 minutes, Δt: 1 second, wall time: 25.114 minutes
Iteration: 0900, time: 12.622 minutes, Δt: 1 second, wall time: 25.211 minutes
Iteration: 0900, time: 12.622 minutes, Δt: 1 second, wall time: 25.226 minutes
Iteration: 0900, time: 12.622 minutes, Δt: 1 second, wall time: 25.246 minutes
Iteration: 0900, time: 12.622 minutes, Δt: 1 second, wall time: 25.245 minutes
Iteration: 0925, time: 13.039 minutes, Δt: 1 second, wall time: 26.430 minutes
Iteration: 0925, time: 13.039 minutes, Δt: 1 second, wall time: 26.415 minutes
Iteration: 0925, time: 13.039 minutes, Δt: 1 second, wall time: 26.450 minutes
Iteration: 0925, time: 13.039 minutes, Δt: 1 second, wall time: 26.449 minutes
Iteration: 0950, time: 13.456 minutes, Δt: 1 second, wall time: 26.548 minutes
Iteration: 0950, time: 13.456 minutes, Δt: 1 second, wall time: 26.583 minutes
Iteration: 0950, time: 13.456 minutes, Δt: 1 second, wall time: 26.562 minutes
Iteration: 0950, time: 13.456 minutes, Δt: 1 second, wall time: 26.582 minutes
Iteration: 0975, time: 13.872 minutes, Δt: 1 second, wall time: 27.753 minutes
Iteration: 0975, time: 13.872 minutes, Δt: 1 second, wall time: 27.738 minutes
Iteration: 0975, time: 13.872 minutes, Δt: 1 second, wall time: 27.773 minutes
Iteration: 0975, time: 13.872 minutes, Δt: 1 second, wall time: 27.772 minutes
[ Info: Simulation is stopping after running for 27.904 minutes.
[ Info: Model iteration 1000 equals or exceeds stop iteration 1000.
[ Info: Simulation is stopping after running for 27.885 minutes.
[ Info: Model iteration 1000 equals or exceeds stop iteration 1000.
[ Info: Simulation is stopping after running for 27.871 minutes.
[ Info: Simulation is stopping after running for 27.906 minutes.
[ Info: Model iteration 1000 equals or exceeds stop iteration 1000.
[ Info: Model iteration 1000 equals or exceeds stop iteration 1000.
Iteration: 1000, time: 14.289 minutes, Δt: 1 second, wall time: 27.885 minutes
Iteration: 1000, time: 14.289 minutes, Δt: 1 second, wall time: 27.904 minutes
Iteration: 1000, time: 14.289 minutes, Δt: 1 second, wall time: 27.871 minutes
Iteration: 1000, time: 14.289 minutes, Δt: 1 second, wall time: 27.906 minutes
